
=== RUN 1/19 ordinal=1 round=control scenario=http-503.toml started=2026-04-29T03:08:09Z ===
2026/04/29 03:08:09 harness: fleet loaded (3 targets, 2 nameservers, certmint=http://134.209.79.166:9200)
2026/04/29 03:08:09 harness: cert-library config pushed to http://167.99.13.237:9000 (source=http://134.209.79.166:9200)
2026/04/29 03:08:09 harness: scenario loaded: headget-20260429-030809Z-http-503 v1
2026/04/29 03:08:09 harness: database connected
2026/04/29 03:08:09 harness: 6 adapter(s) loaded
2026/04/29 03:08:09 harness: starting scenario: headget-20260429-030809Z-http-503
2026/04/29 03:08:09 runner: provisioned jetmon-v1 (monitor 4611686018603117349)
2026/04/29 03:08:09 runner: provisioned jetmon-v2 (monitor 8408316017141452)
2026/04/29 03:08:09 runner: provisioned pingdom (monitor 14461225)
2026/04/29 03:08:10 runner: provisioned uptimerobot (monitor 802946637)
2026/04/29 03:08:10 runner: provisioned datadog-synthetics (monitor 39x-f5k-8w3)
2026/04/29 03:08:11 runner: provisioned better-uptime (monitor 4337961)
2026/04/29 03:08:11 runner: activated http_status on bench-a
2026/04/29 03:18:11 runner: deactivated http_status
2026/04/29 03:18:11 runner: grace period 5m0s
2026/04/29 03:23:11 runner: retrieved jetmon-v1: status=known reports=0
2026/04/29 03:23:12 runner: retrieved jetmon-v2: status=known reports=2
2026/04/29 03:23:13 runner: retrieved pingdom: status=known reports=2
2026/04/29 03:23:13 runner: retrieved uptimerobot: status=known reports=2
2026/04/29 03:23:13 runner: retrieved datadog-synthetics: status=known reports=1
2026/04/29 03:23:13 runner: retrieved better-uptime: status=known reports=2
2026/04/29 03:23:15 runner: run 5f45d5f413a68b5c16dc061e471fd3ba closed: planned_completion
2026/04/29 03:23:15 harness: deriving metrics for run 5f45d5f413a68b5c16dc061e471fd3ba
2026/04/29 03:23:17 harness: done
=== END 1/19 scenario=http-503.toml rc=0 ended=2026-04-29T03:23:17Z ===
=== GAP 480s before next run ===

=== RUN 2/19 ordinal=2 round=r1 scenario=http-head-405-get-200.toml started=2026-04-29T03:31:17Z ===
2026/04/29 03:31:17 harness: fleet loaded (3 targets, 2 nameservers, certmint=http://134.209.79.166:9200)
2026/04/29 03:31:17 harness: cert-library config pushed to http://167.99.13.237:9000 (source=http://134.209.79.166:9200)
2026/04/29 03:31:17 harness: scenario loaded: headget-20260429-030809Z-http-head-405-get-200 v1
2026/04/29 03:31:17 harness: database connected
2026/04/29 03:31:17 harness: 6 adapter(s) loaded
2026/04/29 03:31:17 harness: starting scenario: headget-20260429-030809Z-http-head-405-get-200
2026/04/29 03:31:17 runner: provisioned jetmon-v1 (monitor 4611686018603117349)
2026/04/29 03:31:18 runner: provisioned jetmon-v2 (monitor 8787757891375300)
2026/04/29 03:31:18 runner: provisioned pingdom (monitor 14461229)
2026/04/29 03:31:19 runner: provisioned uptimerobot (monitor 802946790)
2026/04/29 03:31:19 runner: provisioned datadog-synthetics (monitor d7q-9c9-fdz)
2026/04/29 03:31:19 runner: provisioned better-uptime (monitor 4337973)
2026/04/29 03:31:19 runner: activated http_method_status on bench-a
2026/04/29 03:41:19 runner: deactivated http_method_status
2026/04/29 03:41:19 runner: grace period 5m0s
2026/04/29 03:46:20 runner: retrieved jetmon-v1: status=known reports=0
2026/04/29 03:46:20 runner: retrieved jetmon-v2: status=known reports=0
2026/04/29 03:46:20 runner: retrieved pingdom: status=known reports=1
2026/04/29 03:46:20 runner: retrieved uptimerobot: status=known reports=2
2026/04/29 03:46:21 runner: retrieved datadog-synthetics: status=known reports=0
2026/04/29 03:46:21 runner: retrieved better-uptime: status=known reports=0
2026/04/29 03:46:22 runner: run ccf9fe3888ac56c19f6272ec5d6c1425 closed: planned_completion
2026/04/29 03:46:22 harness: deriving metrics for run ccf9fe3888ac56c19f6272ec5d6c1425
2026/04/29 03:46:23 harness: done
=== END 2/19 scenario=http-head-405-get-200.toml rc=0 ended=2026-04-29T03:46:23Z ===
=== GAP 480s before next run ===

=== RUN 3/19 ordinal=3 round=r1 scenario=http-head-200-get-503.toml started=2026-04-29T03:54:23Z ===
2026/04/29 03:54:23 harness: fleet loaded (3 targets, 2 nameservers, certmint=http://134.209.79.166:9200)
2026/04/29 03:54:23 harness: cert-library config pushed to http://167.99.13.237:9000 (source=http://134.209.79.166:9200)
2026/04/29 03:54:23 harness: scenario loaded: headget-20260429-030809Z-http-head-200-get-503 v1
2026/04/29 03:54:23 harness: database connected
2026/04/29 03:54:23 harness: 6 adapter(s) loaded
2026/04/29 03:54:23 harness: starting scenario: headget-20260429-030809Z-http-head-200-get-503
2026/04/29 03:54:23 runner: provisioned jetmon-v1 (monitor 4611686018603117349)
2026/04/29 03:54:23 runner: provisioned jetmon-v2 (monitor 8616571504947354)
2026/04/29 03:54:23 runner: provisioned pingdom (monitor 14461235)
2026/04/29 03:54:24 runner: provisioned uptimerobot (monitor 802946903)
2026/04/29 03:54:24 runner: provisioned datadog-synthetics (monitor ej9-p45-5j5)
2026/04/29 03:54:25 runner: provisioned better-uptime (monitor 4338035)
2026/04/29 03:54:25 runner: activated http_method_status on bench-a
2026/04/29 04:04:25 runner: deactivated http_method_status
2026/04/29 04:04:25 runner: grace period 5m0s
2026/04/29 04:09:25 runner: retrieved jetmon-v1: status=known reports=0
2026/04/29 04:09:25 runner: retrieved jetmon-v2: status=known reports=2
2026/04/29 04:09:25 runner: retrieved pingdom: status=known reports=2
2026/04/29 04:09:26 runner: retrieved uptimerobot: status=known reports=0
2026/04/29 04:09:26 runner: retrieved datadog-synthetics: status=known reports=1
2026/04/29 04:09:26 runner: retrieved better-uptime: status=known reports=2
2026/04/29 04:09:27 runner: run e4b3a4b2a6db3c2d5a7a2bde755df530 closed: planned_completion
2026/04/29 04:09:27 harness: deriving metrics for run e4b3a4b2a6db3c2d5a7a2bde755df530
2026/04/29 04:09:28 harness: done
=== END 3/19 scenario=http-head-200-get-503.toml rc=0 ended=2026-04-29T04:09:28Z ===
=== GAP 480s before next run ===

=== RUN 4/19 ordinal=4 round=r1 scenario=http-head-timeout-get-200.toml started=2026-04-29T04:17:28Z ===
2026/04/29 04:17:28 harness: fleet loaded (3 targets, 2 nameservers, certmint=http://134.209.79.166:9200)
2026/04/29 04:17:28 harness: cert-library config pushed to http://167.99.13.237:9000 (source=http://134.209.79.166:9200)
2026/04/29 04:17:28 harness: scenario loaded: headget-20260429-030809Z-http-head-timeout-get-200 v1
2026/04/29 04:17:28 harness: database connected
2026/04/29 04:17:28 harness: 6 adapter(s) loaded
2026/04/29 04:17:28 harness: starting scenario: headget-20260429-030809Z-http-head-timeout-get-200
2026/04/29 04:17:28 runner: provisioned jetmon-v1 (monitor 4611686018603117349)
2026/04/29 04:17:28 runner: provisioned jetmon-v2 (monitor 8593793068688989)
2026/04/29 04:17:29 runner: provisioned pingdom (monitor 14461242)
2026/04/29 04:17:59 runner: provision uptimerobot: uptimerobot: newMonitor: Post "https://api.uptimerobot.com/v2/newMonitor": context deadline exceeded (Client.Timeout exceeded while awaiting headers)
2026/04/29 04:17:59 runner: provisioned datadog-synthetics (monitor zr6-n75-eh7)
2026/04/29 04:18:00 runner: provisioned better-uptime (monitor 4338110)
2026/04/29 04:18:00 runner: activated http_timeout on bench-a
2026/04/29 04:28:00 runner: deactivated http_timeout
2026/04/29 04:28:00 runner: grace period 5m0s
2026/04/29 04:33:00 runner: retrieved jetmon-v1: status=known reports=0
2026/04/29 04:33:00 runner: retrieved jetmon-v2: status=known reports=0
2026/04/29 04:33:01 runner: retrieved pingdom: status=known reports=1
2026/04/29 04:33:01 runner: retrieved datadog-synthetics: status=known reports=0
2026/04/29 04:33:01 runner: retrieved better-uptime: status=known reports=0
2026/04/29 04:33:02 runner: run 50f07c4d3adb2ba7696f8ff2dbab9531 closed: adapter_error
2026/04/29 04:33:02 harness: deriving metrics for run 50f07c4d3adb2ba7696f8ff2dbab9531
2026/04/29 04:33:03 harness: done
=== END 4/19 scenario=http-head-timeout-get-200.toml rc=0 ended=2026-04-29T04:33:03Z ===
=== GAP 480s before next run ===

=== RUN 5/19 ordinal=5 round=r1 scenario=http-head-200-get-timeout.toml started=2026-04-29T04:41:03Z ===
2026/04/29 04:41:03 harness: fleet loaded (3 targets, 2 nameservers, certmint=http://134.209.79.166:9200)
2026/04/29 04:41:03 harness: cert-library config pushed to http://167.99.13.237:9000 (source=http://134.209.79.166:9200)
2026/04/29 04:41:03 harness: scenario loaded: headget-20260429-030809Z-http-head-200-get-timeout v1
2026/04/29 04:41:03 harness: database connected
2026/04/29 04:41:03 harness: 6 adapter(s) loaded
2026/04/29 04:41:03 harness: starting scenario: headget-20260429-030809Z-http-head-200-get-timeout
2026/04/29 04:41:03 runner: provisioned jetmon-v1 (monitor 4611686018603117349)
2026/04/29 04:41:03 runner: provisioned jetmon-v2 (monitor 8329396602846815)
2026/04/29 04:41:03 runner: provisioned pingdom (monitor 14461249)
2026/04/29 04:41:03 runner: provision uptimerobot: uptimerobot: newMonitor: already_exists: monitor already exists.
2026/04/29 04:41:04 runner: provisioned datadog-synthetics (monitor yzk-u3m-hth)
2026/04/29 04:41:04 runner: provisioned better-uptime (monitor 4338132)
2026/04/29 04:41:04 runner: activated http_timeout on bench-a
2026/04/29 04:51:05 runner: deactivated http_timeout
2026/04/29 04:51:05 runner: grace period 5m0s
2026/04/29 04:56:05 runner: retrieved jetmon-v1: status=known reports=0
2026/04/29 04:56:05 runner: retrieved jetmon-v2: status=known reports=2
2026/04/29 04:56:07 runner: retrieved pingdom: status=known reports=2
2026/04/29 04:56:07 runner: retrieved datadog-synthetics: status=known reports=1
2026/04/29 04:56:07 runner: retrieved better-uptime: status=known reports=2
2026/04/29 04:56:08 runner: run 11f4764aa17f97e63b47faca92385cc9 closed: adapter_error
2026/04/29 04:56:08 harness: deriving metrics for run 11f4764aa17f97e63b47faca92385cc9
2026/04/29 04:56:09 harness: done
=== END 5/19 scenario=http-head-200-get-timeout.toml rc=0 ended=2026-04-29T04:56:09Z ===
=== GAP 480s before next run ===

=== RUN 6/19 ordinal=6 round=r1 scenario=http-head-200-get-redirect-loop.toml started=2026-04-29T05:04:09Z ===
2026/04/29 05:04:09 harness: fleet loaded (3 targets, 2 nameservers, certmint=http://134.209.79.166:9200)
2026/04/29 05:04:09 harness: cert-library config pushed to http://167.99.13.237:9000 (source=http://134.209.79.166:9200)
2026/04/29 05:04:09 harness: scenario loaded: headget-20260429-030809Z-http-head-200-get-redirect-loop v1
2026/04/29 05:04:09 harness: database connected
2026/04/29 05:04:09 harness: 6 adapter(s) loaded
2026/04/29 05:04:09 harness: starting scenario: headget-20260429-030809Z-http-head-200-get-redirect-loop
2026/04/29 05:04:09 runner: provisioned jetmon-v1 (monitor 4611686018603117349)
2026/04/29 05:04:09 runner: provisioned jetmon-v2 (monitor 8234673949032296)
2026/04/29 05:04:10 runner: provisioned pingdom (monitor 14461250)
2026/04/29 05:04:10 runner: provision uptimerobot: uptimerobot: newMonitor: already_exists: monitor already exists.
2026/04/29 05:04:10 runner: provisioned datadog-synthetics (monitor n38-3mv-7ei)
2026/04/29 05:04:11 runner: provisioned better-uptime (monitor 4338201)
2026/04/29 05:04:11 runner: activated http_redirect on bench-a
2026/04/29 05:14:11 runner: deactivated http_redirect
2026/04/29 05:14:11 runner: grace period 5m0s
2026/04/29 05:19:11 runner: retrieved jetmon-v1: status=known reports=0
2026/04/29 05:19:11 runner: retrieved jetmon-v2: status=known reports=2
2026/04/29 05:19:13 runner: retrieved pingdom: status=known reports=2
2026/04/29 05:19:13 runner: retrieved datadog-synthetics: status=known reports=1
2026/04/29 05:19:13 runner: retrieved better-uptime: status=known reports=2
2026/04/29 05:19:14 runner: run a0215d249f03a2e3df8da361acd570a6 closed: adapter_error
2026/04/29 05:19:14 harness: deriving metrics for run a0215d249f03a2e3df8da361acd570a6
2026/04/29 05:19:14 harness: done
=== END 6/19 scenario=http-head-200-get-redirect-loop.toml rc=0 ended=2026-04-29T05:19:14Z ===
=== GAP 480s before next run ===

=== RUN 7/19 ordinal=7 round=r1 scenario=http-head-200-get-partial.toml started=2026-04-29T05:27:14Z ===
2026/04/29 05:27:14 harness: fleet loaded (3 targets, 2 nameservers, certmint=http://134.209.79.166:9200)
2026/04/29 05:27:14 harness: cert-library config pushed to http://167.99.13.237:9000 (source=http://134.209.79.166:9200)
2026/04/29 05:27:14 harness: scenario loaded: headget-20260429-030809Z-http-head-200-get-partial v1
2026/04/29 05:27:14 harness: database connected
2026/04/29 05:27:14 harness: 6 adapter(s) loaded
2026/04/29 05:27:14 harness: starting scenario: headget-20260429-030809Z-http-head-200-get-partial
2026/04/29 05:27:15 runner: provisioned jetmon-v1 (monitor 4611686018603117349)
2026/04/29 05:27:15 runner: provisioned jetmon-v2 (monitor 8102383709481413)
2026/04/29 05:27:15 runner: provisioned pingdom (monitor 14461256)
2026/04/29 05:27:15 runner: provision uptimerobot: uptimerobot: newMonitor: already_exists: monitor already exists.
2026/04/29 05:27:16 runner: provisioned datadog-synthetics (monitor e9k-ej3-b34)
2026/04/29 05:27:16 runner: provisioned better-uptime (monitor 4338240)
2026/04/29 05:27:16 runner: activated http_partial on bench-a
2026/04/29 05:37:16 runner: deactivated http_partial
2026/04/29 05:37:16 runner: grace period 5m0s
2026/04/29 05:42:17 runner: retrieved jetmon-v1: status=known reports=0
2026/04/29 05:42:17 runner: retrieved jetmon-v2: status=known reports=0
2026/04/29 05:42:17 runner: retrieved pingdom: status=known reports=1
2026/04/29 05:42:18 runner: retrieved datadog-synthetics: status=known reports=1
2026/04/29 05:42:18 runner: retrieved better-uptime: status=known reports=0
2026/04/29 05:42:19 runner: run b82d38d321e174aa0af161f2fa389d60 closed: adapter_error
2026/04/29 05:42:19 harness: deriving metrics for run b82d38d321e174aa0af161f2fa389d60
2026/04/29 05:42:20 harness: done
=== END 7/19 scenario=http-head-200-get-partial.toml rc=0 ended=2026-04-29T05:42:20Z ===
=== GAP 480s before next run ===

=== RUN 8/19 ordinal=8 round=r2 scenario=http-head-200-get-503.toml started=2026-04-29T05:50:20Z ===
2026/04/29 05:50:20 harness: fleet loaded (3 targets, 2 nameservers, certmint=http://134.209.79.166:9200)
2026/04/29 05:50:20 harness: cert-library config pushed to http://167.99.13.237:9000 (source=http://134.209.79.166:9200)
2026/04/29 05:50:20 harness: scenario loaded: headget-20260429-030809Z-http-head-200-get-503 v1
2026/04/29 05:50:20 harness: database connected
2026/04/29 05:50:20 harness: 6 adapter(s) loaded
2026/04/29 05:50:20 harness: starting scenario: headget-20260429-030809Z-http-head-200-get-503
2026/04/29 05:50:20 runner: provisioned jetmon-v1 (monitor 4611686018603117349)
2026/04/29 05:50:20 runner: provisioned jetmon-v2 (monitor 8253999326569791)
2026/04/29 05:50:21 runner: provisioned pingdom (monitor 14461262)
2026/04/29 05:50:21 runner: provision uptimerobot: uptimerobot: newMonitor: already_exists: monitor already exists.
2026/04/29 05:50:21 runner: provisioned datadog-synthetics (monitor reg-ckm-jts)
2026/04/29 05:50:22 runner: provisioned better-uptime (monitor 4338263)
2026/04/29 05:50:22 runner: activated http_method_status on bench-a
2026/04/29 06:00:22 runner: deactivated http_method_status
2026/04/29 06:00:22 runner: grace period 5m0s
2026/04/29 06:05:22 runner: retrieved jetmon-v1: status=known reports=0
2026/04/29 06:05:22 runner: retrieved jetmon-v2: status=known reports=2
2026/04/29 06:05:23 runner: retrieved pingdom: status=known reports=2
2026/04/29 06:05:23 runner: retrieved datadog-synthetics: status=known reports=1
2026/04/29 06:05:24 runner: retrieved better-uptime: status=known reports=2
2026/04/29 06:05:25 runner: run bab8f2f126441dc38087e661c13e5b2f closed: adapter_error
2026/04/29 06:05:25 harness: deriving metrics for run bab8f2f126441dc38087e661c13e5b2f
2026/04/29 06:05:25 harness: done
=== END 8/19 scenario=http-head-200-get-503.toml rc=0 ended=2026-04-29T06:05:25Z ===
=== GAP 480s before next run ===

=== RUN 9/19 ordinal=9 round=r2 scenario=http-head-200-get-timeout.toml started=2026-04-29T06:13:25Z ===
2026/04/29 06:13:25 harness: fleet loaded (3 targets, 2 nameservers, certmint=http://134.209.79.166:9200)
2026/04/29 06:13:25 harness: cert-library config pushed to http://167.99.13.237:9000 (source=http://134.209.79.166:9200)
2026/04/29 06:13:25 harness: scenario loaded: headget-20260429-030809Z-http-head-200-get-timeout v1
2026/04/29 06:13:25 harness: database connected
2026/04/29 06:13:25 harness: 6 adapter(s) loaded
2026/04/29 06:13:25 harness: starting scenario: headget-20260429-030809Z-http-head-200-get-timeout
2026/04/29 06:13:26 runner: provisioned jetmon-v1 (monitor 4611686018603117349)
2026/04/29 06:13:26 runner: provisioned jetmon-v2 (monitor 8416199263556533)
2026/04/29 06:13:26 runner: provisioned pingdom (monitor 14461275)
2026/04/29 06:13:26 runner: provision uptimerobot: uptimerobot: newMonitor: already_exists: monitor already exists.
2026/04/29 06:13:27 runner: provisioned datadog-synthetics (monitor 3he-9ia-mvr)
2026/04/29 06:13:27 runner: provisioned better-uptime (monitor 4338371)
2026/04/29 06:13:27 runner: activated http_timeout on bench-a
2026/04/29 06:23:27 runner: deactivated http_timeout
2026/04/29 06:23:27 runner: grace period 5m0s
2026/04/29 06:28:28 runner: retrieved jetmon-v1: status=known reports=0
2026/04/29 06:28:28 runner: retrieved jetmon-v2: status=known reports=2
2026/04/29 06:28:28 runner: retrieved pingdom: status=known reports=2
2026/04/29 06:28:29 runner: retrieved datadog-synthetics: status=known reports=1
2026/04/29 06:28:29 runner: retrieved better-uptime: status=known reports=2
2026/04/29 06:28:30 runner: run 9aea589d278929c3982b7562198e8571 closed: adapter_error
2026/04/29 06:28:30 harness: deriving metrics for run 9aea589d278929c3982b7562198e8571
2026/04/29 06:28:30 harness: done
=== END 9/19 scenario=http-head-200-get-timeout.toml rc=0 ended=2026-04-29T06:28:30Z ===
=== GAP 480s before next run ===

=== RUN 10/19 ordinal=10 round=r2 scenario=http-head-405-get-200.toml started=2026-04-29T06:36:30Z ===
2026/04/29 06:36:30 harness: fleet loaded (3 targets, 2 nameservers, certmint=http://134.209.79.166:9200)
2026/04/29 06:36:30 harness: cert-library config pushed to http://167.99.13.237:9000 (source=http://134.209.79.166:9200)
2026/04/29 06:36:30 harness: scenario loaded: headget-20260429-030809Z-http-head-405-get-200 v1
2026/04/29 06:36:30 harness: database connected
2026/04/29 06:36:30 harness: 6 adapter(s) loaded
2026/04/29 06:36:30 harness: starting scenario: headget-20260429-030809Z-http-head-405-get-200
2026/04/29 06:36:31 runner: provisioned jetmon-v1 (monitor 4611686018603117349)
2026/04/29 06:36:31 runner: provisioned jetmon-v2 (monitor 8997902657990150)
2026/04/29 06:36:31 runner: provisioned pingdom (monitor 14461285)
2026/04/29 06:36:31 runner: provision uptimerobot: uptimerobot: newMonitor: already_exists: monitor already exists.
2026/04/29 06:36:32 runner: provisioned datadog-synthetics (monitor bpm-wim-yjt)
2026/04/29 06:36:32 runner: provisioned better-uptime (monitor 4338475)
2026/04/29 06:36:32 runner: activated http_method_status on bench-a
2026/04/29 06:46:32 runner: deactivated http_method_status
2026/04/29 06:46:32 runner: grace period 5m0s
2026/04/29 06:51:33 runner: retrieved jetmon-v1: status=known reports=0
2026/04/29 06:51:33 runner: retrieved jetmon-v2: status=known reports=0
2026/04/29 06:51:33 runner: retrieved pingdom: status=known reports=1
2026/04/29 06:51:33 runner: retrieved datadog-synthetics: status=known reports=0
2026/04/29 06:51:34 runner: retrieved better-uptime: status=known reports=0
2026/04/29 06:51:35 runner: run 093903993b8190fd107850c32e167acd closed: adapter_error
2026/04/29 06:51:35 harness: deriving metrics for run 093903993b8190fd107850c32e167acd
2026/04/29 06:51:35 harness: done
=== END 10/19 scenario=http-head-405-get-200.toml rc=0 ended=2026-04-29T06:51:35Z ===
=== GAP 480s before next run ===

=== RUN 11/19 ordinal=11 round=r2 scenario=http-head-200-get-partial.toml started=2026-04-29T06:59:35Z ===
2026/04/29 06:59:35 harness: fleet loaded (3 targets, 2 nameservers, certmint=http://134.209.79.166:9200)
2026/04/29 06:59:35 harness: cert-library config pushed to http://167.99.13.237:9000 (source=http://134.209.79.166:9200)
2026/04/29 06:59:35 harness: scenario loaded: headget-20260429-030809Z-http-head-200-get-partial v1
2026/04/29 06:59:35 harness: database connected
2026/04/29 06:59:35 harness: 6 adapter(s) loaded
2026/04/29 06:59:35 harness: starting scenario: headget-20260429-030809Z-http-head-200-get-partial
2026/04/29 06:59:35 runner: provisioned jetmon-v1 (monitor 4611686018603117349)
2026/04/29 06:59:35 runner: provisioned jetmon-v2 (monitor 8003612230669155)
2026/04/29 06:59:36 runner: provisioned pingdom (monitor 14461302)
2026/04/29 06:59:36 runner: provision uptimerobot: uptimerobot: newMonitor: already_exists: monitor already exists.
2026/04/29 06:59:37 runner: provisioned datadog-synthetics (monitor cas-9jf-gue)
2026/04/29 06:59:37 runner: provisioned better-uptime (monitor 4338559)
2026/04/29 06:59:37 runner: activated http_partial on bench-a
2026/04/29 07:09:37 runner: deactivated http_partial
2026/04/29 07:09:37 runner: grace period 5m0s
2026/04/29 07:14:37 runner: retrieved jetmon-v1: status=known reports=0
2026/04/29 07:14:38 runner: retrieved jetmon-v2: status=known reports=0
2026/04/29 07:14:38 runner: retrieved pingdom: status=known reports=1
2026/04/29 07:14:38 runner: retrieved datadog-synthetics: status=known reports=1
2026/04/29 07:14:38 runner: retrieved better-uptime: status=known reports=0
2026/04/29 07:14:39 runner: run 4037e8133afd97570d76cb7d86456271 closed: adapter_error
2026/04/29 07:14:39 harness: deriving metrics for run 4037e8133afd97570d76cb7d86456271
2026/04/29 07:14:40 harness: done
=== END 11/19 scenario=http-head-200-get-partial.toml rc=0 ended=2026-04-29T07:14:40Z ===
=== GAP 480s before next run ===

=== RUN 12/19 ordinal=12 round=r2 scenario=http-head-timeout-get-200.toml started=2026-04-29T07:22:40Z ===
2026/04/29 07:22:40 harness: fleet loaded (3 targets, 2 nameservers, certmint=http://134.209.79.166:9200)
2026/04/29 07:22:40 harness: cert-library config pushed to http://167.99.13.237:9000 (source=http://134.209.79.166:9200)
2026/04/29 07:22:40 harness: scenario loaded: headget-20260429-030809Z-http-head-timeout-get-200 v1
2026/04/29 07:22:40 harness: database connected
2026/04/29 07:22:40 harness: 6 adapter(s) loaded
2026/04/29 07:22:40 harness: starting scenario: headget-20260429-030809Z-http-head-timeout-get-200
2026/04/29 07:22:40 runner: provisioned jetmon-v1 (monitor 4611686018603117349)
2026/04/29 07:22:40 runner: provisioned jetmon-v2 (monitor 8156551661875730)
2026/04/29 07:22:41 runner: provisioned pingdom (monitor 14461318)
2026/04/29 07:22:41 runner: provision uptimerobot: uptimerobot: newMonitor: already_exists: monitor already exists.
2026/04/29 07:22:41 runner: provisioned datadog-synthetics (monitor seg-3fk-rxp)
2026/04/29 07:22:42 runner: provisioned better-uptime (monitor 4338760)
2026/04/29 07:22:42 runner: activated http_timeout on bench-a
2026/04/29 07:32:42 runner: deactivated http_timeout
2026/04/29 07:32:42 runner: grace period 5m0s
2026/04/29 07:37:42 runner: retrieved jetmon-v1: status=known reports=0
2026/04/29 07:37:42 runner: retrieved jetmon-v2: status=known reports=0
2026/04/29 07:37:42 runner: retrieved pingdom: status=known reports=1
2026/04/29 07:37:43 runner: retrieved datadog-synthetics: status=known reports=0
2026/04/29 07:37:43 runner: retrieved better-uptime: status=known reports=0
2026/04/29 07:37:44 runner: run 095688a38590a72406f1efa61e9ec786 closed: adapter_error
2026/04/29 07:37:44 harness: deriving metrics for run 095688a38590a72406f1efa61e9ec786
2026/04/29 07:37:45 harness: done
=== END 12/19 scenario=http-head-timeout-get-200.toml rc=0 ended=2026-04-29T07:37:45Z ===
=== GAP 480s before next run ===

=== RUN 13/19 ordinal=13 round=r2 scenario=http-head-200-get-redirect-loop.toml started=2026-04-29T07:45:45Z ===
2026/04/29 07:45:45 harness: fleet loaded (3 targets, 2 nameservers, certmint=http://134.209.79.166:9200)
2026/04/29 07:45:45 harness: cert-library config pushed to http://167.99.13.237:9000 (source=http://134.209.79.166:9200)
2026/04/29 07:45:45 harness: scenario loaded: headget-20260429-030809Z-http-head-200-get-redirect-loop v1
2026/04/29 07:45:45 harness: database connected
2026/04/29 07:45:45 harness: 6 adapter(s) loaded
2026/04/29 07:45:45 harness: starting scenario: headget-20260429-030809Z-http-head-200-get-redirect-loop
2026/04/29 07:45:45 runner: provisioned jetmon-v1 (monitor 4611686018603117349)
2026/04/29 07:45:45 runner: provisioned jetmon-v2 (monitor 8244295947328657)
2026/04/29 07:45:46 runner: provisioned pingdom (monitor 14461325)
2026/04/29 07:45:46 runner: provision uptimerobot: uptimerobot: newMonitor: already_exists: monitor already exists.
2026/04/29 07:45:46 runner: provisioned datadog-synthetics (monitor 3qu-6c3-afw)
2026/04/29 07:45:47 runner: provisioned better-uptime (monitor 4338935)
2026/04/29 07:45:47 runner: activated http_redirect on bench-a
2026/04/29 07:55:47 runner: deactivated http_redirect
2026/04/29 07:55:47 runner: grace period 5m0s
2026/04/29 08:00:47 runner: retrieved jetmon-v1: status=known reports=0
2026/04/29 08:00:47 runner: retrieved jetmon-v2: status=known reports=1
2026/04/29 08:00:47 runner: retrieved pingdom: status=known reports=2
2026/04/29 08:00:48 runner: retrieved datadog-synthetics: status=known reports=1
2026/04/29 08:00:48 runner: retrieved better-uptime: status=known reports=2
2026/04/29 08:00:49 runner: run 86382c43907aa3123e9dac744b54d62f closed: adapter_error
2026/04/29 08:00:49 harness: deriving metrics for run 86382c43907aa3123e9dac744b54d62f
2026/04/29 08:00:49 harness: done
=== END 13/19 scenario=http-head-200-get-redirect-loop.toml rc=0 ended=2026-04-29T08:00:50Z ===
=== GAP 480s before next run ===

=== RUN 14/19 ordinal=14 round=r3 scenario=http-head-200-get-redirect-loop.toml started=2026-04-29T08:08:50Z ===
2026/04/29 08:08:50 harness: fleet loaded (3 targets, 2 nameservers, certmint=http://134.209.79.166:9200)
2026/04/29 08:08:50 harness: cert-library config pushed to http://167.99.13.237:9000 (source=http://134.209.79.166:9200)
2026/04/29 08:08:50 harness: scenario loaded: headget-20260429-030809Z-http-head-200-get-redirect-loop v1
2026/04/29 08:08:50 harness: database connected
2026/04/29 08:08:50 harness: 6 adapter(s) loaded
2026/04/29 08:08:50 harness: starting scenario: headget-20260429-030809Z-http-head-200-get-redirect-loop
2026/04/29 08:08:50 runner: provisioned jetmon-v1 (monitor 4611686018603117349)
2026/04/29 08:08:50 runner: provisioned jetmon-v2 (monitor 8396880927103646)
2026/04/29 08:08:51 runner: provisioned pingdom (monitor 14461337)
2026/04/29 08:08:51 runner: provision uptimerobot: uptimerobot: newMonitor: already_exists: monitor already exists.
2026/04/29 08:08:53 runner: provisioned datadog-synthetics (monitor mjv-t6p-8sk)
2026/04/29 08:08:53 runner: provisioned better-uptime (monitor 4339106)
2026/04/29 08:08:53 runner: activated http_redirect on bench-a
2026/04/29 08:18:53 runner: deactivated http_redirect
2026/04/29 08:18:53 runner: grace period 5m0s
2026/04/29 08:23:53 runner: retrieved jetmon-v1: status=known reports=0
2026/04/29 08:23:53 runner: retrieved jetmon-v2: status=known reports=2
2026/04/29 08:23:54 runner: retrieved pingdom: status=known reports=2
2026/04/29 08:23:54 runner: retrieved datadog-synthetics: status=known reports=1
2026/04/29 08:23:54 runner: retrieved better-uptime: status=known reports=2
2026/04/29 08:23:55 runner: run 769b3c9f8fbf47971ec9d57c9640204b closed: adapter_error
2026/04/29 08:23:55 harness: deriving metrics for run 769b3c9f8fbf47971ec9d57c9640204b
2026/04/29 08:23:56 harness: done
=== END 14/19 scenario=http-head-200-get-redirect-loop.toml rc=0 ended=2026-04-29T08:23:56Z ===
=== GAP 480s before next run ===

=== RUN 15/19 ordinal=15 round=r3 scenario=http-head-405-get-200.toml started=2026-04-29T08:31:56Z ===
2026/04/29 08:31:56 harness: fleet loaded (3 targets, 2 nameservers, certmint=http://134.209.79.166:9200)
2026/04/29 08:31:56 harness: cert-library config pushed to http://167.99.13.237:9000 (source=http://134.209.79.166:9200)
2026/04/29 08:31:56 harness: scenario loaded: headget-20260429-030809Z-http-head-405-get-200 v1
2026/04/29 08:31:56 harness: database connected
2026/04/29 08:31:56 harness: 6 adapter(s) loaded
2026/04/29 08:31:56 harness: starting scenario: headget-20260429-030809Z-http-head-405-get-200
2026/04/29 08:31:56 runner: provisioned jetmon-v1 (monitor 4611686018603117349)
2026/04/29 08:31:56 runner: provisioned jetmon-v2 (monitor 8422406822283779)
2026/04/29 08:31:57 runner: provisioned pingdom (monitor 14461340)
2026/04/29 08:31:57 runner: provision uptimerobot: uptimerobot: newMonitor: already_exists: monitor already exists.
2026/04/29 08:31:57 runner: provisioned datadog-synthetics (monitor zd3-qg4-f2w)
2026/04/29 08:31:57 runner: provisioned better-uptime (monitor 4339164)
2026/04/29 08:31:57 runner: activated http_method_status on bench-a
2026/04/29 08:41:58 runner: deactivated http_method_status
2026/04/29 08:41:58 runner: grace period 5m0s
2026/04/29 08:46:58 runner: retrieved jetmon-v1: status=known reports=0
2026/04/29 08:46:58 runner: retrieved jetmon-v2: status=known reports=0
2026/04/29 08:46:58 runner: retrieved pingdom: status=known reports=1
2026/04/29 08:46:59 runner: retrieved datadog-synthetics: status=known reports=0
2026/04/29 08:46:59 runner: retrieved better-uptime: status=known reports=0
2026/04/29 08:47:00 runner: run e57c6793604ad0e82a418f3d03e8635a closed: adapter_error
2026/04/29 08:47:00 harness: deriving metrics for run e57c6793604ad0e82a418f3d03e8635a
2026/04/29 08:47:01 harness: done
=== END 15/19 scenario=http-head-405-get-200.toml rc=0 ended=2026-04-29T08:47:01Z ===
=== GAP 480s before next run ===

=== RUN 16/19 ordinal=16 round=r3 scenario=http-head-200-get-partial.toml started=2026-04-29T08:55:01Z ===
2026/04/29 08:55:01 harness: fleet loaded (3 targets, 2 nameservers, certmint=http://134.209.79.166:9200)
2026/04/29 08:55:01 harness: cert-library config pushed to http://167.99.13.237:9000 (source=http://134.209.79.166:9200)
2026/04/29 08:55:01 harness: scenario loaded: headget-20260429-030809Z-http-head-200-get-partial v1
2026/04/29 08:55:01 harness: database connected
2026/04/29 08:55:01 harness: 6 adapter(s) loaded
2026/04/29 08:55:01 harness: starting scenario: headget-20260429-030809Z-http-head-200-get-partial
2026/04/29 08:55:01 runner: provisioned jetmon-v1 (monitor 4611686018603117349)
2026/04/29 08:55:01 runner: provisioned jetmon-v2 (monitor 8214142012504117)
2026/04/29 08:55:02 runner: provisioned pingdom (monitor 14461357)
2026/04/29 08:55:02 runner: provision uptimerobot: uptimerobot: newMonitor: already_exists: monitor already exists.
2026/04/29 08:55:03 runner: provisioned datadog-synthetics (monitor szc-g7m-vxe)
2026/04/29 08:55:03 runner: provisioned better-uptime (monitor 4339258)
2026/04/29 08:55:03 runner: activated http_partial on bench-a
2026/04/29 09:05:03 runner: deactivated http_partial
2026/04/29 09:05:03 runner: grace period 5m0s
2026/04/29 09:10:03 runner: retrieved jetmon-v1: status=known reports=0
2026/04/29 09:10:04 runner: retrieved jetmon-v2: status=known reports=0
2026/04/29 09:10:04 runner: retrieved pingdom: status=known reports=1
2026/04/29 09:10:04 runner: retrieved datadog-synthetics: status=known reports=1
2026/04/29 09:10:05 runner: retrieved better-uptime: status=known reports=0
2026/04/29 09:10:07 runner: run 77cca9311061200ebe2455b73de6115e closed: adapter_error
2026/04/29 09:10:07 harness: deriving metrics for run 77cca9311061200ebe2455b73de6115e
2026/04/29 09:10:08 harness: done
=== END 16/19 scenario=http-head-200-get-partial.toml rc=0 ended=2026-04-29T09:10:08Z ===
=== GAP 480s before next run ===

=== RUN 17/19 ordinal=17 round=r3 scenario=http-head-200-get-503.toml started=2026-04-29T09:18:08Z ===
2026/04/29 09:18:08 harness: fleet loaded (3 targets, 2 nameservers, certmint=http://134.209.79.166:9200)
2026/04/29 09:18:08 harness: cert-library config pushed to http://167.99.13.237:9000 (source=http://134.209.79.166:9200)
2026/04/29 09:18:08 harness: scenario loaded: headget-20260429-030809Z-http-head-200-get-503 v1
2026/04/29 09:18:08 harness: database connected
2026/04/29 09:18:08 harness: 6 adapter(s) loaded
2026/04/29 09:18:08 harness: starting scenario: headget-20260429-030809Z-http-head-200-get-503
2026/04/29 09:18:08 runner: provisioned jetmon-v1 (monitor 4611686018603117349)
2026/04/29 09:18:08 runner: provisioned jetmon-v2 (monitor 8681113129128909)
2026/04/29 09:18:09 runner: provisioned pingdom (monitor 14461366)
2026/04/29 09:18:09 runner: provision uptimerobot: uptimerobot: newMonitor: already_exists: monitor already exists.
2026/04/29 09:18:09 runner: provisioned datadog-synthetics (monitor rbt-n82-skc)
2026/04/29 09:18:09 runner: provisioned better-uptime (monitor 4339342)
2026/04/29 09:18:09 runner: activated http_method_status on bench-a
2026/04/29 09:28:10 runner: deactivated http_method_status
2026/04/29 09:28:10 runner: grace period 5m0s
2026/04/29 09:33:10 runner: retrieved jetmon-v1: status=known reports=0
2026/04/29 09:33:10 runner: retrieved jetmon-v2: status=known reports=2
2026/04/29 09:33:10 runner: retrieved pingdom: status=known reports=2
2026/04/29 09:33:11 runner: retrieved datadog-synthetics: status=known reports=1
2026/04/29 09:33:11 runner: retrieved better-uptime: status=known reports=2
2026/04/29 09:33:13 runner: run 5daabc2978bc75da0d503b8a9412d289 closed: adapter_error
2026/04/29 09:33:13 harness: deriving metrics for run 5daabc2978bc75da0d503b8a9412d289
2026/04/29 09:33:13 harness: done
=== END 17/19 scenario=http-head-200-get-503.toml rc=0 ended=2026-04-29T09:33:13Z ===
=== GAP 480s before next run ===

=== RUN 18/19 ordinal=18 round=r3 scenario=http-head-200-get-timeout.toml started=2026-04-29T09:41:13Z ===
2026/04/29 09:41:13 harness: fleet loaded (3 targets, 2 nameservers, certmint=http://134.209.79.166:9200)
2026/04/29 09:41:13 harness: cert-library config pushed to http://167.99.13.237:9000 (source=http://134.209.79.166:9200)
2026/04/29 09:41:13 harness: scenario loaded: headget-20260429-030809Z-http-head-200-get-timeout v1
2026/04/29 09:41:13 harness: database connected
2026/04/29 09:41:13 harness: 6 adapter(s) loaded
2026/04/29 09:41:13 harness: starting scenario: headget-20260429-030809Z-http-head-200-get-timeout
2026/04/29 09:41:14 runner: provisioned jetmon-v1 (monitor 4611686018603117349)
2026/04/29 09:41:14 runner: provisioned jetmon-v2 (monitor 8900273138912443)
2026/04/29 09:41:14 runner: provisioned pingdom (monitor 14461376)
2026/04/29 09:41:14 runner: provision uptimerobot: uptimerobot: newMonitor: already_exists: monitor already exists.
2026/04/29 09:41:15 runner: provisioned datadog-synthetics (monitor kqj-u3n-k2q)
2026/04/29 09:41:15 runner: provisioned better-uptime (monitor 4339494)
2026/04/29 09:41:15 runner: activated http_timeout on bench-a
2026/04/29 09:51:15 runner: deactivated http_timeout
2026/04/29 09:51:15 runner: grace period 5m0s
2026/04/29 09:56:16 runner: retrieved jetmon-v1: status=known reports=0
2026/04/29 09:56:16 runner: retrieved jetmon-v2: status=known reports=2
2026/04/29 09:56:17 runner: retrieved pingdom: status=known reports=2
2026/04/29 09:56:17 runner: retrieved datadog-synthetics: status=known reports=1
2026/04/29 09:56:17 runner: retrieved better-uptime: status=known reports=2
2026/04/29 09:56:18 runner: run 65e790b97c3a96f9cf5e90089c17ef9a closed: adapter_error
2026/04/29 09:56:18 harness: deriving metrics for run 65e790b97c3a96f9cf5e90089c17ef9a
2026/04/29 09:56:19 harness: done
=== END 18/19 scenario=http-head-200-get-timeout.toml rc=0 ended=2026-04-29T09:56:19Z ===
=== GAP 480s before next run ===

=== RUN 19/19 ordinal=19 round=r3 scenario=http-head-timeout-get-200.toml started=2026-04-29T10:04:19Z ===
2026/04/29 10:04:19 harness: fleet loaded (3 targets, 2 nameservers, certmint=http://134.209.79.166:9200)
2026/04/29 10:04:19 harness: cert-library config pushed to http://167.99.13.237:9000 (source=http://134.209.79.166:9200)
2026/04/29 10:04:19 harness: scenario loaded: headget-20260429-030809Z-http-head-timeout-get-200 v1
2026/04/29 10:04:19 harness: database connected
2026/04/29 10:04:19 harness: 6 adapter(s) loaded
2026/04/29 10:04:19 harness: starting scenario: headget-20260429-030809Z-http-head-timeout-get-200
2026/04/29 10:04:19 runner: provisioned jetmon-v1 (monitor 4611686018603117349)
2026/04/29 10:04:19 runner: provisioned jetmon-v2 (monitor 8020405905276368)
2026/04/29 10:04:20 runner: provisioned pingdom (monitor 14461403)
2026/04/29 10:04:20 runner: provision uptimerobot: uptimerobot: newMonitor: already_exists: monitor already exists.
2026/04/29 10:04:20 runner: provisioned datadog-synthetics (monitor m4g-zw3-24e)
2026/04/29 10:04:21 runner: provisioned better-uptime (monitor 4339596)
2026/04/29 10:04:21 runner: activated http_timeout on bench-a
2026/04/29 10:14:21 runner: deactivated http_timeout
2026/04/29 10:14:21 runner: grace period 5m0s
2026/04/29 10:19:21 runner: retrieved jetmon-v1: status=known reports=0
2026/04/29 10:19:21 runner: retrieved jetmon-v2: status=known reports=0
2026/04/29 10:19:21 runner: retrieved pingdom: status=known reports=1
2026/04/29 10:19:22 runner: retrieved datadog-synthetics: status=known reports=0
2026/04/29 10:19:22 runner: retrieved better-uptime: status=known reports=0
2026/04/29 10:19:23 runner: run 0d395ad8d15110c585539c7f88e6c308 closed: adapter_error
2026/04/29 10:19:23 harness: deriving metrics for run 0d395ad8d15110c585539c7f88e6c308
2026/04/29 10:19:23 harness: done
=== END 19/19 scenario=http-head-timeout-get-200.toml rc=0 ended=2026-04-29T10:19:23Z ===

=== BATCH COMPLETE 2026-04-29T10:19:23Z ===
